Command line invocation:
    /Applications/Xcode.app/Contents/Developer/usr/bin/xcodebuild -project LatentCast.xcodeproj -scheme LatentCast -configuration Debug -destination platform=macOS build

2026-06-26 10:12:21.337 xcodebuild[36807:5608081] [MT] IDERunDestination: Supported platforms for the buildables in the current scheme is empty.
--- xcodebuild: WARNING: Using the first of multiple matching destinations:
{ platform:macOS, arch:arm64, id:00008142-0002195C0A11401C, name:My Mac }
{ platform:macOS, arch:x86_64, id:00008142-0002195C0A11401C, name:My Mac }
ComputePackagePrebuildTargetDependencyGraph

Prepare packages

CreateBuildRequest

SendProjectDescription

CreateBuildOperation

ComputeTargetDependencyGraph
note: Building targets in dependency order
note: Target dependency graph (1 target)
    Target 'LatentCast' in project 'LatentCast' (no dependencies)

GatherProvisioningInputs

CreateBuildDescription

ExecuteExternalTool /Applications/Xcode.app/Contents/Developer/Toolchains/XcodeDefault.xctoolchain/usr/bin/clang -v -E -dM -isysroot /Applications/Xcode.app/Contents/Developer/Platforms/MacOSX.platform/Developer/SDKs/MacOSX26.5.sdk -x c -c /dev/null

ExecuteExternalTool /Applications/Xcode.app/Contents/Developer/usr/bin/actool --version --output-format xml1

ExecuteExternalTool /Applications/Xcode.app/Contents/Developer/Toolchains/XcodeDefault.xctoolchain/usr/bin/swiftc --version

ExecuteExternalTool /Applications/Xcode.app/Contents/Developer/Toolchains/XcodeDefault.xctoolchain/usr/bin/ld -version_details

Build description signature: 67df16621e8542d39fbac285625d59e1
Build description path: /Users/hayyau/Library/Developer/Xcode/DerivedData/LatentCast-ewhdskaybepeenapxfxrouveraye/Build/Intermediates.noindex/XCBuildData/67df16621e8542d39fbac285625d59e1.xcbuilddata
ClangStatCache /Applications/Xcode.app/Contents/Developer/Toolchains/XcodeDefault.xctoolchain/usr/bin/clang-stat-cache /Applications/Xcode.app/Contents/Developer/Platforms/MacOSX.platform/Developer/SDKs/MacOSX26.5.sdk /Users/hayyau/Library/Developer/Xcode/DerivedData/SDKStatCaches.noindex/macosx26.5-25F70-e082c4a02f00227109f4ed75e425c832.sdkstatcache
    cd /Users/hayyau/Documents/projects/ai-ml/challange-1/audio/LatentCast/LatentCast.xcodeproj
    /Applications/Xcode.app/Contents/Developer/Toolchains/XcodeDefault.xctoolchain/usr/bin/clang-stat-cache /Applications/Xcode.app/Contents/Developer/Platforms/MacOSX.platform/Developer/SDKs/MacOSX26.5.sdk -o /Users/hayyau/Library/Developer/Xcode/DerivedData/SDKStatCaches.noindex/macosx26.5-25F70-e082c4a02f00227109f4ed75e425c832.sdkstatcache

SwiftDriver LatentCast normal arm64 com.apple.xcode.tools.swift.compiler (in target 'LatentCast' from project 'LatentCast')
    cd /Users/hayyau/Documents/projects/ai-ml/challange-1/audio/LatentCast
    builtin-SwiftDriver -- /Applications/Xcode.app/Contents/Developer/Toolchains/XcodeDefault.xctoolchain/usr/bin/swiftc -module-name LatentCast -Onone @/Users/hayyau/Library/Developer/Xcode/DerivedData/LatentCast-ewhdskaybepeenapxfxrouveraye/Build/Intermediates.noindex/LatentCast.build/Debug/LatentCast.build/Objects-normal/arm64/LatentCast.SwiftFileList -DDEBUG -enable-bare-slash-regex -enable-upcoming-feature DisableOutwardActorInference -enable-upcoming-feature InferSendableFromCaptures -enable-upcoming-feature GlobalActorIsolatedTypesUsability -enable-upcoming-feature MemberImportVisibility -enable-upcoming-feature InferIsolatedConformances -enable-upcoming-feature NonisolatedNonsendingByDefault -enable-experimental-feature DebugDescriptionMacro -sdk /Applications/Xcode.app/Contents/Developer/Platforms/MacOSX.platform/Developer/SDKs/MacOSX26.5.sdk -target arm64-apple-macos26.5 -g -module-cache-path /Users/hayyau/Library/Developer/Xcode/DerivedData/ModuleCache.noindex -Xfrontend -serialize-debugging-options -profile-coverage-mapping -profile-generate -enable-testing -index-store-path /Users/hayyau/Library/Developer/Xcode/DerivedData/LatentCast-ewhdskaybepeenapxfxrouveraye/Index.noindex/DataStore -Xcc -D_LIBCPP_HARDENING_MODE\=_LIBCPP_HARDENING_MODE_DEBUG -swift-version 5 -I /Users/hayyau/Library/Developer/Xcode/DerivedData/LatentCast-ewhdskaybepeenapxfxrouveraye/Build/Products/Debug -F /Users/hayyau/Library/Developer/Xcode/DerivedData/LatentCast-ewhdskaybepeenapxfxrouveraye/Build/Products/Debug -emit-localized-strings -emit-localized-strings-path /Users/hayyau/Library/Developer/Xcode/DerivedData/LatentCast-ewhdskaybepeenapxfxrouveraye/Build/Intermediates.noindex/LatentCast.build/Debug/LatentCast.build/Objects-normal/arm64 -c -j10 -enable-batch-mode -incremental -Xcc -ivfsstatcache -Xcc /Users/hayyau/Library/Developer/Xcode/DerivedData/SDKStatCaches.noindex/macosx26.5-25F70-e082c4a02f00227109f4ed75e425c832.sdkstatcache -output-file-map /Users/hayyau/Library/Developer/Xcode/DerivedData/LatentCast-ewhdskaybepeenapxfxrouveraye/Build/Intermediates.noindex/LatentCast.build/Debug/LatentCast.build/Objects-normal/arm64/LatentCast-OutputFileMap.json -use-frontend-parseable-output -save-temps -no-color-diagnostics -explicit-module-build -module-cache-path /Users/hayyau/Library/Developer/Xcode/DerivedData/LatentCast-ewhdskaybepeenapxfxrouveraye/Build/Intermediates.noindex/SwiftExplicitPrecompiledModules -clang-scanner-module-cache-path /Users/hayyau/Library/Developer/Xcode/DerivedData/ModuleCache.noindex -sdk-module-cache-path /Users/hayyau/Library/Developer/Xcode/DerivedData/ModuleCache.noindex -serialize-diagnostics -emit-dependencies -emit-module -emit-module-path /Users/hayyau/Library/Developer/Xcode/DerivedData/LatentCast-ewhdskaybepeenapxfxrouveraye/Build/Intermediates.noindex/LatentCast.build/Debug/LatentCast.build/Objects-normal/arm64/LatentCast.swiftmodule -validate-clang-modules-once -clang-build-session-file /Users/hayyau/Library/Developer/Xcode/DerivedData/ModuleCache.noindex/Session.modulevalidation -Xcc -I/Users/hayyau/Library/Developer/Xcode/DerivedData/LatentCast-ewhdskaybepeenapxfxrouveraye/Build/Intermediates.noindex/LatentCast.build/Debug/LatentCast.build/swift-overrides.hmap -emit-const-values -Xfrontend -const-gather-protocols-file -Xfrontend /Users/hayyau/Library/Developer/Xcode/DerivedData/LatentCast-ewhdskaybepeenapxfxrouveraye/Build/Intermediates.noindex/LatentCast.build/Debug/LatentCast.build/Objects-normal/arm64/LatentCast_const_extract_protocols.json -Xcc -iquote -Xcc /Users/hayyau/Library/Developer/Xcode/DerivedData/LatentCast-ewhdskaybepeenapxfxrouveraye/Build/Intermediates.noindex/LatentCast.build/Debug/LatentCast.build/LatentCast-generated-files.hmap -Xcc -I/Users/hayyau/Library/Developer/Xcode/DerivedData/LatentCast-ewhdskaybepeenapxfxrouveraye/Build/Intermediates.noindex/LatentCast.build/Debug/LatentCast.build/LatentCast-own-target-headers.hmap -Xcc -I/Users/hayyau/Library/Developer/Xcode/DerivedData/LatentCast-ewhdskaybepeenapxfxrouveraye/Build/Intermediates.noindex/LatentCast.build/Debug/LatentCast.build/LatentCast-all-target-headers.hmap -Xcc -iquote -Xcc /Users/hayyau/Library/Developer/Xcode/DerivedData/LatentCast-ewhdskaybepeenapxfxrouveraye/Build/Intermediates.noindex/LatentCast.build/Debug/LatentCast.build/LatentCast-project-headers.hmap -Xcc -I/Users/hayyau/Library/Developer/Xcode/DerivedData/LatentCast-ewhdskaybepeenapxfxrouveraye/Build/Products/Debug/include -Xcc -I/Users/hayyau/Library/Developer/Xcode/DerivedData/LatentCast-ewhdskaybepeenapxfxrouveraye/Build/Intermediates.noindex/LatentCast.build/Debug/LatentCast.build/DerivedSources-normal/arm64 -Xcc -I/Users/hayyau/Library/Developer/Xcode/DerivedData/LatentCast-ewhdskaybepeenapxfxrouveraye/Build/Intermediates.noindex/LatentCast.build/Debug/LatentCast.build/DerivedSources/arm64 -Xcc -I/Users/hayyau/Library/Developer/Xcode/DerivedData/LatentCast-ewhdskaybepeenapxfxrouveraye/Build/Intermediates.noindex/LatentCast.build/Debug/LatentCast.build/DerivedSources -Xcc -DDEBUG\=1 -emit-objc-header -emit-objc-header-path /Users/hayyau/Library/Developer/Xcode/DerivedData/LatentCast-ewhdskaybepeenapxfxrouveraye/Build/Intermediates.noindex/LatentCast.build/Debug/LatentCast.build/Objects-normal/arm64/LatentCast-Swift.h -working-directory /Users/hayyau/Documents/projects/ai-ml/challange-1/audio/LatentCast -experimental-emit-module-separately -disable-cmo

SwiftCompile normal arm64 Compiling\ ContentView.swift /Users/hayyau/Documents/projects/ai-ml/challange-1/audio/LatentCast/LatentCast/ContentView.swift (in target 'LatentCast' from project 'LatentCast')

SwiftCompile normal arm64 /Users/hayyau/Documents/projects/ai-ml/challange-1/audio/LatentCast/LatentCast/ContentView.swift (in target 'LatentCast' from project 'LatentCast')
    cd /Users/hayyau/Documents/projects/ai-ml/challange-1/audio/LatentCast
    

SwiftEmitModule normal arm64 Emitting\ module\ for\ LatentCast (in target 'LatentCast' from project 'LatentCast')

EmitSwiftModule normal arm64 (in target 'LatentCast' from project 'LatentCast')
    cd /Users/hayyau/Documents/projects/ai-ml/challange-1/audio/LatentCast
    

SwiftDriverJobDiscovery normal arm64 Compiling ContentView.swift (in target 'LatentCast' from project 'LatentCast')

SwiftDriver\ Compilation LatentCast normal arm64 com.apple.xcode.tools.swift.compiler (in target 'LatentCast' from project 'LatentCast')
    cd /Users/hayyau/Documents/projects/ai-ml/challange-1/audio/LatentCast
    builtin-Swift-Compilation -- /Applications/Xcode.app/Contents/Developer/Toolchains/XcodeDefault.xctoolchain/usr/bin/swiftc -module-name LatentCast -Onone @/Users/hayyau/Library/Developer/Xcode/DerivedData/LatentCast-ewhdskaybepeenapxfxrouveraye/Build/Intermediates.noindex/LatentCast.build/Debug/LatentCast.build/Objects-normal/arm64/LatentCast.SwiftFileList -DDEBUG -enable-bare-slash-regex -enable-upcoming-feature DisableOutwardActorInference -enable-upcoming-feature InferSendableFromCaptures -enable-upcoming-feature GlobalActorIsolatedTypesUsability -enable-upcoming-feature MemberImportVisibility -enable-upcoming-feature InferIsolatedConformances -enable-upcoming-feature NonisolatedNonsendingByDefault -enable-experimental-feature DebugDescriptionMacro -sdk /Applications/Xcode.app/Contents/Developer/Platforms/MacOSX.platform/Developer/SDKs/MacOSX26.5.sdk -target arm64-apple-macos26.5 -g -module-cache-path /Users/hayyau/Library/Developer/Xcode/DerivedData/ModuleCache.noindex -Xfrontend -serialize-debugging-options -profile-coverage-mapping -profile-generate -enable-testing -index-store-path /Users/hayyau/Library/Developer/Xcode/DerivedData/LatentCast-ewhdskaybepeenapxfxrouveraye/Index.noindex/DataStore -Xcc -D_LIBCPP_HARDENING_MODE\=_LIBCPP_HARDENING_MODE_DEBUG -swift-version 5 -I /Users/hayyau/Library/Developer/Xcode/DerivedData/LatentCast-ewhdskaybepeenapxfxrouveraye/Build/Products/Debug -F /Users/hayyau/Library/Developer/Xcode/DerivedData/LatentCast-ewhdskaybepeenapxfxrouveraye/Build/Products/Debug -emit-localized-strings -emit-localized-strings-path /Users/hayyau/Library/Developer/Xcode/DerivedData/LatentCast-ewhdskaybepeenapxfxrouveraye/Build/Intermediates.noindex/LatentCast.build/Debug/LatentCast.build/Objects-normal/arm64 -c -j10 -enable-batch-mode -incremental -Xcc -ivfsstatcache -Xcc /Users/hayyau/Library/Developer/Xcode/DerivedData/SDKStatCaches.noindex/macosx26.5-25F70-e082c4a02f00227109f4ed75e425c832.sdkstatcache -output-file-map /Users/hayyau/Library/Developer/Xcode/DerivedData/LatentCast-ewhdskaybepeenapxfxrouveraye/Build/Intermediates.noindex/LatentCast.build/Debug/LatentCast.build/Objects-normal/arm64/LatentCast-OutputFileMap.json -use-frontend-parseable-output -save-temps -no-color-diagnostics -explicit-module-build -module-cache-path /Users/hayyau/Library/Developer/Xcode/DerivedData/LatentCast-ewhdskaybepeenapxfxrouveraye/Build/Intermediates.noindex/SwiftExplicitPrecompiledModules -clang-scanner-module-cache-path /Users/hayyau/Library/Developer/Xcode/DerivedData/ModuleCache.noindex -sdk-module-cache-path /Users/hayyau/Library/Developer/Xcode/DerivedData/ModuleCache.noindex -serialize-diagnostics -emit-dependencies -emit-module -emit-module-path /Users/hayyau/Library/Developer/Xcode/DerivedData/LatentCast-ewhdskaybepeenapxfxrouveraye/Build/Intermediates.noindex/LatentCast.build/Debug/LatentCast.build/Objects-normal/arm64/LatentCast.swiftmodule -validate-clang-modules-once -clang-build-session-file /Users/hayyau/Library/Developer/Xcode/DerivedData/ModuleCache.noindex/Session.modulevalidation -Xcc -I/Users/hayyau/Library/Developer/Xcode/DerivedData/LatentCast-ewhdskaybepeenapxfxrouveraye/Build/Intermediates.noindex/LatentCast.build/Debug/LatentCast.build/swift-overrides.hmap -emit-const-values -Xfrontend -const-gather-protocols-file -Xfrontend /Users/hayyau/Library/Developer/Xcode/DerivedData/LatentCast-ewhdskaybepeenapxfxrouveraye/Build/Intermediates.noindex/LatentCast.build/Debug/LatentCast.build/Objects-normal/arm64/LatentCast_const_extract_protocols.json -Xcc -iquote -Xcc /Users/hayyau/Library/Developer/Xcode/DerivedData/LatentCast-ewhdskaybepeenapxfxrouveraye/Build/Intermediates.noindex/LatentCast.build/Debug/LatentCast.build/LatentCast-generated-files.hmap -Xcc -I/Users/hayyau/Library/Developer/Xcode/DerivedData/LatentCast-ewhdskaybepeenapxfxrouveraye/Build/Intermediates.noindex/LatentCast.build/Debug/LatentCast.build/LatentCast-own-target-headers.hmap -Xcc -I/Users/hayyau/Library/Developer/Xcode/DerivedData/LatentCast-ewhdskaybepeenapxfxrouveraye/Build/Intermediates.noindex/LatentCast.build/Debug/LatentCast.build/LatentCast-all-target-headers.hmap -Xcc -iquote -Xcc /Users/hayyau/Library/Developer/Xcode/DerivedData/LatentCast-ewhdskaybepeenapxfxrouveraye/Build/Intermediates.noindex/LatentCast.build/Debug/LatentCast.build/LatentCast-project-headers.hmap -Xcc -I/Users/hayyau/Library/Developer/Xcode/DerivedData/LatentCast-ewhdskaybepeenapxfxrouveraye/Build/Products/Debug/include -Xcc -I/Users/hayyau/Library/Developer/Xcode/DerivedData/LatentCast-ewhdskaybepeenapxfxrouveraye/Build/Intermediates.noindex/LatentCast.build/Debug/LatentCast.build/DerivedSources-normal/arm64 -Xcc -I/Users/hayyau/Library/Developer/Xcode/DerivedData/LatentCast-ewhdskaybepeenapxfxrouveraye/Build/Intermediates.noindex/LatentCast.build/Debug/LatentCast.build/DerivedSources/arm64 -Xcc -I/Users/hayyau/Library/Developer/Xcode/DerivedData/LatentCast-ewhdskaybepeenapxfxrouveraye/Build/Intermediates.noindex/LatentCast.build/Debug/LatentCast.build/DerivedSources -Xcc -DDEBUG\=1 -emit-objc-header -emit-objc-header-path /Users/hayyau/Library/Developer/Xcode/DerivedData/LatentCast-ewhdskaybepeenapxfxrouveraye/Build/Intermediates.noindex/LatentCast.build/Debug/LatentCast.build/Objects-normal/arm64/LatentCast-Swift.h -working-directory /Users/hayyau/Documents/projects/ai-ml/challange-1/audio/LatentCast -experimental-emit-module-separately -disable-cmo

SwiftDriverJobDiscovery normal arm64 Emitting module for LatentCast (in target 'LatentCast' from project 'LatentCast')

SwiftDriver\ Compilation\ Requirements LatentCast normal arm64 com.apple.xcode.tools.swift.compiler (in target 'LatentCast' from project 'LatentCast')
    cd /Users/hayyau/Documents/projects/ai-ml/challange-1/audio/LatentCast
    builtin-Swift-Compilation-Requirements -- /Applications/Xcode.app/Contents/Developer/Toolchains/XcodeDefault.xctoolchain/usr/bin/swiftc -module-name LatentCast -Onone @/Users/hayyau/Library/Developer/Xcode/DerivedData/LatentCast-ewhdskaybepeenapxfxrouveraye/Build/Intermediates.noindex/LatentCast.build/Debug/LatentCast.build/Objects-normal/arm64/LatentCast.SwiftFileList -DDEBUG -enable-bare-slash-regex -enable-upcoming-feature DisableOutwardActorInference -enable-upcoming-feature InferSendableFromCaptures -enable-upcoming-feature GlobalActorIsolatedTypesUsability -enable-upcoming-feature MemberImportVisibility -enable-upcoming-feature InferIsolatedConformances -enable-upcoming-feature NonisolatedNonsendingByDefault -enable-experimental-feature DebugDescriptionMacro -sdk /Applications/Xcode.app/Contents/Developer/Platforms/MacOSX.platform/Developer/SDKs/MacOSX26.5.sdk -target arm64-apple-macos26.5 -g -module-cache-path /Users/hayyau/Library/Developer/Xcode/DerivedData/ModuleCache.noindex -Xfrontend -serialize-debugging-options -profile-coverage-mapping -profile-generate -enable-testing -index-store-path /Users/hayyau/Library/Developer/Xcode/DerivedData/LatentCast-ewhdskaybepeenapxfxrouveraye/Index.noindex/DataStore -Xcc -D_LIBCPP_HARDENING_MODE\=_LIBCPP_HARDENING_MODE_DEBUG -swift-version 5 -I /Users/hayyau/Library/Developer/Xcode/DerivedData/LatentCast-ewhdskaybepeenapxfxrouveraye/Build/Products/Debug -F /Users/hayyau/Library/Developer/Xcode/DerivedData/LatentCast-ewhdskaybepeenapxfxrouveraye/Build/Products/Debug -emit-localized-strings -emit-localized-strings-path /Users/hayyau/Library/Developer/Xcode/DerivedData/LatentCast-ewhdskaybepeenapxfxrouveraye/Build/Intermediates.noindex/LatentCast.build/Debug/LatentCast.build/Objects-normal/arm64 -c -j10 -enable-batch-mode -incremental -Xcc -ivfsstatcache -Xcc /Users/hayyau/Library/Developer/Xcode/DerivedData/SDKStatCaches.noindex/macosx26.5-25F70-e082c4a02f00227109f4ed75e425c832.sdkstatcache -output-file-map /Users/hayyau/Library/Developer/Xcode/DerivedData/LatentCast-ewhdskaybepeenapxfxrouveraye/Build/Intermediates.noindex/LatentCast.build/Debug/LatentCast.build/Objects-normal/arm64/LatentCast-OutputFileMap.json -use-frontend-parseable-output -save-temps -no-color-diagnostics -explicit-module-build -module-cache-path /Users/hayyau/Library/Developer/Xcode/DerivedData/LatentCast-ewhdskaybepeenapxfxrouveraye/Build/Intermediates.noindex/SwiftExplicitPrecompiledModules -clang-scanner-module-cache-path /Users/hayyau/Library/Developer/Xcode/DerivedData/ModuleCache.noindex -sdk-module-cache-path /Users/hayyau/Library/Developer/Xcode/DerivedData/ModuleCache.noindex -serialize-diagnostics -emit-dependencies -emit-module -emit-module-path /Users/hayyau/Library/Developer/Xcode/DerivedData/LatentCast-ewhdskaybepeenapxfxrouveraye/Build/Intermediates.noindex/LatentCast.build/Debug/LatentCast.build/Objects-normal/arm64/LatentCast.swiftmodule -validate-clang-modules-once -clang-build-session-file /Users/hayyau/Library/Developer/Xcode/DerivedData/ModuleCache.noindex/Session.modulevalidation -Xcc -I/Users/hayyau/Library/Developer/Xcode/DerivedData/LatentCast-ewhdskaybepeenapxfxrouveraye/Build/Intermediates.noindex/LatentCast.build/Debug/LatentCast.build/swift-overrides.hmap -emit-const-values -Xfrontend -const-gather-protocols-file -Xfrontend /Users/hayyau/Library/Developer/Xcode/DerivedData/LatentCast-ewhdskaybepeenapxfxrouveraye/Build/Intermediates.noindex/LatentCast.build/Debug/LatentCast.build/Objects-normal/arm64/LatentCast_const_extract_protocols.json -Xcc -iquote -Xcc /Users/hayyau/Library/Developer/Xcode/DerivedData/LatentCast-ewhdskaybepeenapxfxrouveraye/Build/Intermediates.noindex/LatentCast.build/Debug/LatentCast.build/LatentCast-generated-files.hmap -Xcc -I/Users/hayyau/Library/Developer/Xcode/DerivedData/LatentCast-ewhdskaybepeenapxfxrouveraye/Build/Intermediates.noindex/LatentCast.build/Debug/LatentCast.build/LatentCast-own-target-headers.hmap -Xcc -I/Users/hayyau/Library/Developer/Xcode/DerivedData/LatentCast-ewhdskaybepeenapxfxrouveraye/Build/Intermediates.noindex/LatentCast.build/Debug/LatentCast.build/LatentCast-all-target-headers.hmap -Xcc -iquote -Xcc /Users/hayyau/Library/Developer/Xcode/DerivedData/LatentCast-ewhdskaybepeenapxfxrouveraye/Build/Intermediates.noindex/LatentCast.build/Debug/LatentCast.build/LatentCast-project-headers.hmap -Xcc -I/Users/hayyau/Library/Developer/Xcode/DerivedData/LatentCast-ewhdskaybepeenapxfxrouveraye/Build/Products/Debug/include -Xcc -I/Users/hayyau/Library/Developer/Xcode/DerivedData/LatentCast-ewhdskaybepeenapxfxrouveraye/Build/Intermediates.noindex/LatentCast.build/Debug/LatentCast.build/DerivedSources-normal/arm64 -Xcc -I/Users/hayyau/Library/Developer/Xcode/DerivedData/LatentCast-ewhdskaybepeenapxfxrouveraye/Build/Intermediates.noindex/LatentCast.build/Debug/LatentCast.build/DerivedSources/arm64 -Xcc -I/Users/hayyau/Library/Developer/Xcode/DerivedData/LatentCast-ewhdskaybepeenapxfxrouveraye/Build/Intermediates.noindex/LatentCast.build/Debug/LatentCast.build/DerivedSources -Xcc -DDEBUG\=1 -emit-objc-header -emit-objc-header-path /Users/hayyau/Library/Developer/Xcode/DerivedData/LatentCast-ewhdskaybepeenapxfxrouveraye/Build/Intermediates.noindex/LatentCast.build/Debug/LatentCast.build/Objects-normal/arm64/LatentCast-Swift.h -working-directory /Users/hayyau/Documents/projects/ai-ml/challange-1/audio/LatentCast -experimental-emit-module-separately -disable-cmo

Copy /Users/hayyau/Library/Developer/Xcode/DerivedData/LatentCast-ewhdskaybepeenapxfxrouveraye/Build/Products/Debug/LatentCast.swiftmodule/arm64-apple-macos.abi.json /Users/hayyau/Library/Developer/Xcode/DerivedData/LatentCast-ewhdskaybepeenapxfxrouveraye/Build/Intermediates.noindex/LatentCast.build/Debug/LatentCast.build/Objects-normal/arm64/LatentCast.abi.json (in target 'LatentCast' from project 'LatentCast')
    cd /Users/hayyau/Documents/projects/ai-ml/challange-1/audio/LatentCast
    builtin-copy -exclude .DS_Store -exclude CVS -exclude .svn -exclude .git -exclude .hg -resolve-src-symlinks -rename /Users/hayyau/Library/Developer/Xcode/DerivedData/LatentCast-ewhdskaybepeenapxfxrouveraye/Build/Intermediates.noindex/LatentCast.build/Debug/LatentCast.build/Objects-normal/arm64/LatentCast.abi.json /Users/hayyau/Library/Developer/Xcode/DerivedData/LatentCast-ewhdskaybepeenapxfxrouveraye/Build/Products/Debug/LatentCast.swiftmodule/arm64-apple-macos.abi.json

Copy /Users/hayyau/Library/Developer/Xcode/DerivedData/LatentCast-ewhdskaybepeenapxfxrouveraye/Build/Products/Debug/LatentCast.swiftmodule/Project/arm64-apple-macos.swiftsourceinfo /Users/hayyau/Library/Developer/Xcode/DerivedData/LatentCast-ewhdskaybepeenapxfxrouveraye/Build/Intermediates.noindex/LatentCast.build/Debug/LatentCast.build/Objects-normal/arm64/LatentCast.swiftsourceinfo (in target 'LatentCast' from project 'LatentCast')
    cd /Users/hayyau/Documents/projects/ai-ml/challange-1/audio/LatentCast
    builtin-copy -exclude .DS_Store -exclude CVS -exclude .svn -exclude .git -exclude .hg -resolve-src-symlinks -rename /Users/hayyau/Library/Developer/Xcode/DerivedData/LatentCast-ewhdskaybepeenapxfxrouveraye/Build/Intermediates.noindex/LatentCast.build/Debug/LatentCast.build/Objects-normal/arm64/LatentCast.swiftsourceinfo /Users/hayyau/Library/Developer/Xcode/DerivedData/LatentCast-ewhdskaybepeenapxfxrouveraye/Build/Products/Debug/LatentCast.swiftmodule/Project/arm64-apple-macos.swiftsourceinfo

Ld /Users/hayyau/Library/Developer/Xcode/DerivedData/LatentCast-ewhdskaybepeenapxfxrouveraye/Build/Products/Debug/LatentCast.app/Contents/MacOS/LatentCast.debug.dylib normal (in target 'LatentCast' from project 'LatentCast')
    cd /Users/hayyau/Documents/projects/ai-ml/challange-1/audio/LatentCast
    /Applications/Xcode.app/Contents/Developer/Toolchains/XcodeDefault.xctoolchain/usr/bin/clang -Xlinker -reproducible -target arm64-apple-macos26.5 -dynamiclib -isysroot /Applications/Xcode.app/Contents/Developer/Platforms/MacOSX.platform/Developer/SDKs/MacOSX26.5.sdk -O0 -L/Users/hayyau/Library/Developer/Xcode/DerivedData/LatentCast-ewhdskaybepeenapxfxrouveraye/Build/Intermediates.noindex/EagerLinkingTBDs/Debug -L/Users/hayyau/Library/Developer/Xcode/DerivedData/LatentCast-ewhdskaybepeenapxfxrouveraye/Build/Products/Debug -F/Users/hayyau/Library/Developer/Xcode/DerivedData/LatentCast-ewhdskaybepeenapxfxrouveraye/Build/Intermediates.noindex/EagerLinkingTBDs/Debug -F/Users/hayyau/Library/Developer/Xcode/DerivedData/LatentCast-ewhdskaybepeenapxfxrouveraye/Build/Products/Debug -filelist /Users/hayyau/Library/Developer/Xcode/DerivedData/LatentCast-ewhdskaybepeenapxfxrouveraye/Build/Intermediates.noindex/LatentCast.build/Debug/LatentCast.build/Objects-normal/arm64/LatentCast.LinkFileList -install_name @rpath/LatentCast.debug.dylib -Xlinker -rpath -Xlinker @executable_path/../Frameworks -Xlinker -object_path_lto -Xlinker /Users/hayyau/Library/Developer/Xcode/DerivedData/LatentCast-ewhdskaybepeenapxfxrouveraye/Build/Intermediates.noindex/LatentCast.build/Debug/LatentCast.build/Objects-normal/arm64/LatentCast_lto.o -rdynamic -Xlinker -no_deduplicate -Xlinker -debug_variant -Xlinker -dependency_info -Xlinker /Users/hayyau/Library/Developer/Xcode/DerivedData/LatentCast-ewhdskaybepeenapxfxrouveraye/Build/Intermediates.noindex/LatentCast.build/Debug/LatentCast.build/Objects-normal/arm64/LatentCast_dependency_info.dat -fobjc-link-runtime -fprofile-instr-generate -L/Applications/Xcode.app/Contents/Developer/Toolchains/XcodeDefault.xctoolchain/usr/lib/swift/macosx -L/usr/lib/swift -Xlinker -add_ast_path -Xlinker /Users/hayyau/Library/Developer/Xcode/DerivedData/LatentCast-ewhdskaybepeenapxfxrouveraye/Build/Intermediates.noindex/LatentCast.build/Debug/LatentCast.build/Objects-normal/arm64/LatentCast.swiftmodule @/Users/hayyau/Library/Developer/Xcode/DerivedData/LatentCast-ewhdskaybepeenapxfxrouveraye/Build/Intermediates.noindex/LatentCast.build/Debug/LatentCast.build/Objects-normal/arm64/LatentCast-linker-args.resp -Xlinker -alias -Xlinker _main -Xlinker ___debug_main_executable_dylib_entry_point -Xlinker -no_adhoc_codesign -o /Users/hayyau/Library/Developer/Xcode/DerivedData/LatentCast-ewhdskaybepeenapxfxrouveraye/Build/Products/Debug/LatentCast.app/Contents/MacOS/LatentCast.debug.dylib

ConstructStubExecutorLinkFileList /Users/hayyau/Library/Developer/Xcode/DerivedData/LatentCast-ewhdskaybepeenapxfxrouveraye/Build/Intermediates.noindex/LatentCast.build/Debug/LatentCast.build/LatentCast-ExecutorLinkFileList-normal-arm64.txt (in target 'LatentCast' from project 'LatentCast')
    cd /Users/hayyau/Documents/projects/ai-ml/challange-1/audio/LatentCast
    construct-stub-executor-link-file-list /Users/hayyau/Library/Developer/Xcode/DerivedData/LatentCast-ewhdskaybepeenapxfxrouveraye/Build/Products/Debug/LatentCast.app/Contents/MacOS/LatentCast.debug.dylib /Applications/Xcode.app/Contents/Developer/Platforms/MacOSX.platform/Developer/usr/lib/libPreviewsJITStubExecutor_no_swift_entry_point.a /Applications/Xcode.app/Contents/Developer/Platforms/MacOSX.platform/Developer/usr/lib/libPreviewsJITStubExecutor.a --output /Users/hayyau/Library/Developer/Xcode/DerivedData/LatentCast-ewhdskaybepeenapxfxrouveraye/Build/Intermediates.noindex/LatentCast.build/Debug/LatentCast.build/LatentCast-ExecutorLinkFileList-normal-arm64.txt
note: Using stub executor library with Swift entry point. (in target 'LatentCast' from project 'LatentCast')

Ld /Users/hayyau/Library/Developer/Xcode/DerivedData/LatentCast-ewhdskaybepeenapxfxrouveraye/Build/Products/Debug/LatentCast.app/Contents/MacOS/LatentCast normal (in target 'LatentCast' from project 'LatentCast')
    cd /Users/hayyau/Documents/projects/ai-ml/challange-1/audio/LatentCast
    /Applications/Xcode.app/Contents/Developer/Toolchains/XcodeDefault.xctoolchain/usr/bin/clang -Xlinker -reproducible -target arm64-apple-macos26.5 -isysroot /Applications/Xcode.app/Contents/Developer/Platforms/MacOSX.platform/Developer/SDKs/MacOSX26.5.sdk -O0 -L/Users/hayyau/Library/Developer/Xcode/DerivedData/LatentCast-ewhdskaybepeenapxfxrouveraye/Build/Products/Debug -F/Users/hayyau/Library/Developer/Xcode/DerivedData/LatentCast-ewhdskaybepeenapxfxrouveraye/Build/Products/Debug -Xlinker -rpath -Xlinker @executable_path -Xlinker -rpath -Xlinker @executable_path/../Frameworks -rdynamic -Xlinker -no_deduplicate -Xlinker -debug_variant -e ___debug_blank_executor_main -Xlinker -sectcreate -Xlinker __TEXT -Xlinker __debug_dylib -Xlinker /Users/hayyau/Library/Developer/Xcode/DerivedData/LatentCast-ewhdskaybepeenapxfxrouveraye/Build/Intermediates.noindex/LatentCast.build/Debug/LatentCast.build/LatentCast-DebugDylibPath-normal-arm64.txt -Xlinker -sectcreate -Xlinker __TEXT -Xlinker __debug_instlnm -Xlinker /Users/hayyau/Library/Developer/Xcode/DerivedData/LatentCast-ewhdskaybepeenapxfxrouveraye/Build/Intermediates.noindex/LatentCast.build/Debug/LatentCast.build/LatentCast-DebugDylibInstallName-normal-arm64.txt -Xlinker -filelist -Xlinker /Users/hayyau/Library/Developer/Xcode/DerivedData/LatentCast-ewhdskaybepeenapxfxrouveraye/Build/Intermediates.noindex/LatentCast.build/Debug/LatentCast.build/LatentCast-ExecutorLinkFileList-normal-arm64.txt /Users/hayyau/Library/Developer/Xcode/DerivedData/LatentCast-ewhdskaybepeenapxfxrouveraye/Build/Products/Debug/LatentCast.app/Contents/MacOS/LatentCast.debug.dylib -Xlinker -no_adhoc_codesign -o /Users/hayyau/Library/Developer/Xcode/DerivedData/LatentCast-ewhdskaybepeenapxfxrouveraye/Build/Products/Debug/LatentCast.app/Contents/MacOS/LatentCast

ExtractAppIntentsMetadata (in target 'LatentCast' from project 'LatentCast')
    cd /Users/hayyau/Documents/projects/ai-ml/challange-1/audio/LatentCast
    /Applications/Xcode.app/Contents/Developer/Toolchains/XcodeDefault.xctoolchain/usr/bin/appintentsmetadataprocessor --toolchain-dir /Applications/Xcode.app/Contents/Developer/Toolchains/XcodeDefault.xctoolchain --module-name LatentCast --sdk-root /Applications/Xcode.app/Contents/Developer/Platforms/MacOSX.platform/Developer/SDKs/MacOSX26.5.sdk --xcode-version 17F42 --platform-family macOS --deployment-target 26.5 --bundle-identifier hayyaoe.LatentCast --output /Users/hayyau/Library/Developer/Xcode/DerivedData/LatentCast-ewhdskaybepeenapxfxrouveraye/Build/Products/Debug/LatentCast.app/Contents/Resources --target-triple arm64-apple-macos26.5 --binary-file /Users/hayyau/Library/Developer/Xcode/DerivedData/LatentCast-ewhdskaybepeenapxfxrouveraye/Build/Products/Debug/LatentCast.app/Contents/MacOS/LatentCast --dependency-file /Users/hayyau/Library/Developer/Xcode/DerivedData/LatentCast-ewhdskaybepeenapxfxrouveraye/Build/Intermediates.noindex/LatentCast.build/Debug/LatentCast.build/Objects-normal/arm64/LatentCast_dependency_info.dat --stringsdata-file /Users/hayyau/Library/Developer/Xcode/DerivedData/LatentCast-ewhdskaybepeenapxfxrouveraye/Build/Intermediates.noindex/LatentCast.build/Debug/LatentCast.build/Objects-normal/arm64/ExtractedAppShortcutsMetadata.stringsdata --source-file-list /Users/hayyau/Library/Developer/Xcode/DerivedData/LatentCast-ewhdskaybepeenapxfxrouveraye/Build/Intermediates.noindex/LatentCast.build/Debug/LatentCast.build/Objects-normal/arm64/LatentCast.SwiftFileList --metadata-file-list /Users/hayyau/Library/Developer/Xcode/DerivedData/LatentCast-ewhdskaybepeenapxfxrouveraye/Build/Intermediates.noindex/LatentCast.build/Debug/LatentCast.build/LatentCast.DependencyMetadataFileList --static-metadata-file-list /Users/hayyau/Library/Developer/Xcode/DerivedData/LatentCast-ewhdskaybepeenapxfxrouveraye/Build/Intermediates.noindex/LatentCast.build/Debug/LatentCast.build/LatentCast.DependencyStaticMetadataFileList --swift-const-vals-list /Users/hayyau/Library/Developer/Xcode/DerivedData/LatentCast-ewhdskaybepeenapxfxrouveraye/Build/Intermediates.noindex/LatentCast.build/Debug/LatentCast.build/Objects-normal/arm64/LatentCast.SwiftConstValuesFileList --compile-time-extraction --deployment-aware-processing --validate-assistant-intents --no-app-shortcuts-localization
2026-06-26 10:12:22.781 appintentsmetadataprocessor[36850:5608424] Starting appintentsmetadataprocessor export
2026-06-26 10:12:22.782 appintentsmetadataprocessor[36850:5608424] warning: Metadata extraction skipped. No AppIntents.framework dependency found.

CopySwiftLibs /Users/hayyau/Library/Developer/Xcode/DerivedData/LatentCast-ewhdskaybepeenapxfxrouveraye/Build/Products/Debug/LatentCast.app (in target 'LatentCast' from project 'LatentCast')
    cd /Users/hayyau/Documents/projects/ai-ml/challange-1/audio/LatentCast
    builtin-swiftStdLibTool --copy --verbose --sign DC53409830CB701323EC3B18399BE46AFE29BEC8 --scan-executable /Users/hayyau/Library/Developer/Xcode/DerivedData/LatentCast-ewhdskaybepeenapxfxrouveraye/Build/Products/Debug/LatentCast.app/Contents/MacOS/LatentCast.debug.dylib --scan-folder /Users/hayyau/Library/Developer/Xcode/DerivedData/LatentCast-ewhdskaybepeenapxfxrouveraye/Build/Products/Debug/LatentCast.app/Contents/Frameworks --scan-folder /Users/hayyau/Library/Developer/Xcode/DerivedData/LatentCast-ewhdskaybepeenapxfxrouveraye/Build/Products/Debug/LatentCast.app/Contents/PlugIns --scan-folder /Users/hayyau/Library/Developer/Xcode/DerivedData/LatentCast-ewhdskaybepeenapxfxrouveraye/Build/Products/Debug/LatentCast.app/Contents/Library/SystemExtensions --scan-folder /Users/hayyau/Library/Developer/Xcode/DerivedData/LatentCast-ewhdskaybepeenapxfxrouveraye/Build/Products/Debug/LatentCast.app/Contents/Extensions --platform macosx --toolchain /Applications/Xcode.app/Contents/Developer/Toolchains/XcodeDefault.xctoolchain --destination /Users/hayyau/Library/Developer/Xcode/DerivedData/LatentCast-ewhdskaybepeenapxfxrouveraye/Build/Products/Debug/LatentCast.app/Contents/Frameworks --strip-bitcode --strip-bitcode-tool /Applications/Xcode.app/Contents/Developer/Toolchains/XcodeDefault.xctoolchain/usr/bin/bitcode_strip --emit-dependency-info /Users/hayyau/Library/Developer/Xcode/DerivedData/LatentCast-ewhdskaybepeenapxfxrouveraye/Build/Intermediates.noindex/LatentCast.build/Debug/LatentCast.build/SwiftStdLibToolInputDependencies.dep --filter-for-swift-os

ProcessInfoPlistFile /Users/hayyau/Library/Developer/Xcode/DerivedData/LatentCast-ewhdskaybepeenapxfxrouveraye/Build/Products/Debug/LatentCast.app/Contents/Info.plist /Users/hayyau/Library/Developer/Xcode/DerivedData/LatentCast-ewhdskaybepeenapxfxrouveraye/Build/Intermediates.noindex/LatentCast.build/Debug/LatentCast.build/empty-LatentCast.plist (in target 'LatentCast' from project 'LatentCast')
    cd /Users/hayyau/Documents/projects/ai-ml/challange-1/audio/LatentCast
    builtin-infoPlistUtility /Users/hayyau/Library/Developer/Xcode/DerivedData/LatentCast-ewhdskaybepeenapxfxrouveraye/Build/Intermediates.noindex/LatentCast.build/Debug/LatentCast.build/empty-LatentCast.plist -producttype com.apple.product-type.application -genpkginfo /Users/hayyau/Library/Developer/Xcode/DerivedData/LatentCast-ewhdskaybepeenapxfxrouveraye/Build/Products/Debug/LatentCast.app/Contents/PkgInfo -expandbuildsettings -platform macosx -additionalcontentfile /Users/hayyau/Library/Developer/Xcode/DerivedData/LatentCast-ewhdskaybepeenapxfxrouveraye/Build/Intermediates.noindex/LatentCast.build/Debug/LatentCast.build/assetcatalog_generated_info.plist -o /Users/hayyau/Library/Developer/Xcode/DerivedData/LatentCast-ewhdskaybepeenapxfxrouveraye/Build/Products/Debug/LatentCast.app/Contents/Info.plist

CodeSign /Users/hayyau/Library/Developer/Xcode/DerivedData/LatentCast-ewhdskaybepeenapxfxrouveraye/Build/Products/Debug/LatentCast.app/Contents/MacOS/LatentCast.debug.dylib (in target 'LatentCast' from project 'LatentCast')
    cd /Users/hayyau/Documents/projects/ai-ml/challange-1/audio/LatentCast
    
    Signing Identity:     "Apple Development: Hayya U (ML4PS3ZRCG)"
    
    /usr/bin/codesign --force --sign DC53409830CB701323EC3B18399BE46AFE29BEC8 -o runtime --timestamp\=none --generate-entitlement-der /Users/hayyau/Library/Developer/Xcode/DerivedData/LatentCast-ewhdskaybepeenapxfxrouveraye/Build/Products/Debug/LatentCast.app/Contents/MacOS/LatentCast.debug.dylib

CodeSign /Users/hayyau/Library/Developer/Xcode/DerivedData/LatentCast-ewhdskaybepeenapxfxrouveraye/Build/Products/Debug/LatentCast.app/Contents/MacOS/__preview.dylib (in target 'LatentCast' from project 'LatentCast')
    cd /Users/hayyau/Documents/projects/ai-ml/challange-1/audio/LatentCast
    
    Signing Identity:     "Apple Development: Hayya U (ML4PS3ZRCG)"
    
    /usr/bin/codesign --force --sign DC53409830CB701323EC3B18399BE46AFE29BEC8 -o runtime --timestamp\=none --generate-entitlement-der /Users/hayyau/Library/Developer/Xcode/DerivedData/LatentCast-ewhdskaybepeenapxfxrouveraye/Build/Products/Debug/LatentCast.app/Contents/MacOS/__preview.dylib
/Users/hayyau/Library/Developer/Xcode/DerivedData/LatentCast-ewhdskaybepeenapxfxrouveraye/Build/Products/Debug/LatentCast.app/Contents/MacOS/__preview.dylib: replacing existing signature

CodeSign /Users/hayyau/Library/Developer/Xcode/DerivedData/LatentCast-ewhdskaybepeenapxfxrouveraye/Build/Products/Debug/LatentCast.app (in target 'LatentCast' from project 'LatentCast')
    cd /Users/hayyau/Documents/projects/ai-ml/challange-1/audio/LatentCast
    
    Signing Identity:     "Apple Development: Hayya U (ML4PS3ZRCG)"
    
    /usr/bin/codesign --force --sign DC53409830CB701323EC3B18399BE46AFE29BEC8 -o runtime --entitlements /Users/hayyau/Library/Developer/Xcode/DerivedData/LatentCast-ewhdskaybepeenapxfxrouveraye/Build/Intermediates.noindex/LatentCast.build/Debug/LatentCast.build/LatentCast.app.xcent --timestamp\=none --generate-entitlement-der /Users/hayyau/Library/Developer/Xcode/DerivedData/LatentCast-ewhdskaybepeenapxfxrouveraye/Build/Products/Debug/LatentCast.app

Validate /Users/hayyau/Library/Developer/Xcode/DerivedData/LatentCast-ewhdskaybepeenapxfxrouveraye/Build/Products/Debug/LatentCast.app (in target 'LatentCast' from project 'LatentCast')
    cd /Users/hayyau/Documents/projects/ai-ml/challange-1/audio/LatentCast
    builtin-validationUtility /Users/hayyau/Library/Developer/Xcode/DerivedData/LatentCast-ewhdskaybepeenapxfxrouveraye/Build/Products/Debug/LatentCast.app -no-validate-extension -infoplist-subpath Contents/Info.plist

RegisterWithLaunchServices /Users/hayyau/Library/Developer/Xcode/DerivedData/LatentCast-ewhdskaybepeenapxfxrouveraye/Build/Products/Debug/LatentCast.app (in target 'LatentCast' from project 'LatentCast')
    cd /Users/hayyau/Documents/projects/ai-ml/challange-1/audio/LatentCast
    /System/Library/Frameworks/CoreServices.framework/Versions/Current/Frameworks/LaunchServices.framework/Versions/Current/Support/lsregister -f -R -trusted /Users/hayyau/Library/Developer/Xcode/DerivedData/LatentCast-ewhdskaybepeenapxfxrouveraye/Build/Products/Debug/LatentCast.app

** BUILD SUCCEEDED **

